[www.daat.org.uk/favicon.ico]
[backblue.gif]
[fade.gif]
[index.html]
[www.daat.org.uk/images/daatwords2.gif]
[www.daat.org.uk/images/chernajovsky.jpg]
[www.daat.org.uk/images/top.gif]
[www.daat.org.uk/index.html]
[www.daat.org.uk/images/daatside3.jpg]
[www.daat.org.uk/css/main.css]
[www.daat.org.uk/css/print.css]
[www.daat.org.uk/index-2.html]
[www.daat.org.uk/images/DavidAnderson.gif]
[www.daat.org.uk/about.html]
[www.daat.org.uk/images/dot.gif]
[www.daat.org.uk/images/janisanderson_150.jpg]
[www.daat.org.uk/images/td_150.jpg]
[www.daat.org.uk/images/Davina_Anderson.jpg]
[www.daat.org.uk/images/g_lancaster.jpg]
[www.daat.org.uk/trustees.html]
[www.daat.org.uk/education.html]
[www.daat.org.uk/distancelearning.html]
[www.daat.org.uk/images/Justina.jpg]
[www.daat.org.uk/doc/donation.doc]
[www.daat.org.uk/women.html]
[www.daat.org.uk/images/sibomuhire.jpg]
[www.daat.org.uk/images/Frank2.jpg]
[www.daat.org.uk/refugees.html]
[www.daat.org.uk/images/Eurelia.jpg]
[www.daat.org.uk/research.html]
[www.daat.org.uk/other.html]
[www.daat.org.uk/doc/newsletter1999.pdf]
[www.daat.org.uk/doc/newsletter2000.pdf]
[www.daat.org.uk/doc/newsletter2001.pdf]
[www.daat.org.uk/doc/newsletter2003.pdf]
[www.daat.org.uk/doc/newsletter2005hi.pdf]
[www.daat.org.uk/doc/newsletter2007.doc]
[www.daat.org.uk/newsletter.html]
[www.daat.org.uk/links.html]
[www.daat.org.uk/doc/Banker.doc]
[www.daat.org.uk/support.html]
[www.daat.org.uk/contact.html]
